(Otu0042:0.031526,((Otu0003:0.008236,(((Otu0033:0.090993,((Otu0122:0.047176,((Otu0163:0.055794,Otu0070:0.071557):0.003174,(Otu0032:0.06309,Otu0077:0.053904):0.015137):0.008958):0.013751,(Otu0021:0.113251,Otu0031:0.102877):0.027788):0.026149):0.012215,((Otu0009:0.072954,((((Otu0027:0.015846,Otu0171:0.015686):0.025971,Otu0047:0.040996):0.041454,(((((((((Otu0141:0.049424,Otu0073:0.053331):0.03415,Otu0039:0.071569):0.029016,((Otu0040:0.107724,(Otu0015:0.307576,(Otu0078:0.062736,(Otu0041:0.054255,(Otu0034:0.042613,Otu0005:0.046542):0.003872):0.009176):0.078481):0.014677):0.008122,(Otu0036:0.127809,(Otu0016:0.080801,Otu0062:0.066382):0.041655):0.019098):0.010831):0.001434,Otu0104:0.128068):0.001607,((Otu0029:0.144935,(Otu0001:0.167607,((Otu0139:0.017144,Otu0103:0.01909):0.051338,(((Otu0085:0.040961,Otu0068:0.050972):0.012067,Otu0106:0.055445):0.008055,(((Otu0020:0.053379,Otu0069:0.055174):0.005734,Otu0089:0.049744):0.00807,(Otu0199:0.056727,Otu0128:0.046507):0.022358):0.003248):0.009492):0.053879):0.008966):0.020788,(((((Otu0142:0.065101,Otu0091:0.075075):0.0084,Otu0022:0.079013):0.010721,Otu0212:0.093214):0.013746,((Otu0025:0.071872,(Otu0057:0.047139,Otu0037:0.042556):0.024043):0.018332,(Otu0050:0.040525,Otu0105:0.039493):0.048383):0.022528):0.012309,Otu0018:0.107365):0.029151):0.044721):0.00138,(Otu0046:0.109883,((Otu0051:0.103468,Otu0108:0.124033):0.002087,(Otu0035:0.056456,Otu0028:0.049951):0.075432):0.008742):0.009294):0.005296,(Otu0061:0.12721,(Otu0143:0.236357,((Otu0023:0.135139,((Otu0075:0.093045,Otu0030:0.103303):0.014961,Otu0072:0.129149):0.006789):0.032064,Otu0156:0.098991):0.010049):0.125446):0.01061):0.006299,Otu0043:0.115536):0.005358,((Otu0054:0.056621,((Otu0017:0.190347,Otu0006:0.015385):0.009885,Otu0038:0.022467):0.028124):0.039615,Otu0099:0.09271):0.068706):0.006751):0.004558,((Otu0119:0.060005,Otu0088:0.052431):0.012596,Otu0182:0.085129):0.024131):0.013583):0.008351,(Otu0233:0.049294,((Otu0118:0.015979,(Otu0044:0.021759,(Otu0066:0.012,Otu0052:0.014497):0.133189):0.007177):0.038074,Otu0026:0.055168):0.054596):0.01048):0.004565):0.030901,((Otu0215:0.020693,(Otu0153:0.017695,Otu0012:0.012199):0.02477):0.006801,Otu0010:0.036012):0.019656):0.003611):0.000411,Otu0132:0.203048):0.000304);
